
> growkeeper@0.1.0 test
> vitest run


[1m[46m RUN [49m[22m [36mv4.1.0 [39m[90mC:/Users/hetfw/GrowKeeper[39m

 [31mΓ¥»[39m src/tests/health-forecast.test.ts [2m([22m[2m3 tests[22m[2m | [22m[31m2 failed[39m[2m)[22m[32m 13[2mms[22m[39m
     [32mΓ£ô[39m calculates 100% vitality for optimal conditions[32m 2[2mms[22m[39m
[31m     [31m├ù[31m drops vitality significantly for drought conditions[39m[32m 4[2mms[22m[39m
[31m     [31m├ù[31m detects anomalies in forecasts[39m[32m 3[2mms[22m[39m
 [32mΓ£ô[39m src/lib/validations/specimen.test.ts [2m([22m[2m10 tests[22m[2m)[22m[32m 10[2mms[22m[39m
stderr | src/tests/concurrency-guard.test.ts > Atomic Concurrency Guard > should handle Redis downtime gracefully (Fail-over to Allow)
[MUTATION_GUARD_REDIS_ERROR] Error: Redis Disconnected
    at C:/Users/hetfw/GrowKeeper/src/tests/concurrency-guard.test.ts:77:37
    at file:///C:/Users/hetfw/GrowKeeper/node_modules/@vitest/runner/dist/index.js:296:11
    at file:///C:/Users/hetfw/GrowKeeper/node_modules/@vitest/runner/dist/index.js:1258:26
    at file:///C:/Users/hetfw/GrowKeeper/node_modules/@vitest/runner/dist/index.js:1681:20
    at new Promise (<anonymous>)
    at runWithCancel (file:///C:/Users/hetfw/GrowKeeper/node_modules/@vitest/runner/dist/index.js:1678:10)
    at file:///C:/Users/hetfw/GrowKeeper/node_modules/@vitest/runner/dist/index.js:1660:20
    at new Promise (<anonymous>)
    at runWithTimeout (file:///C:/Users/hetfw/GrowKeeper/node_modules/@vitest/runner/dist/index.js:1627:10)
    at file:///C:/Users/hetfw/GrowKeeper/node_modules/@vitest/runner/dist/index.js:2309:64

 [32mΓ£ô[39m src/tests/concurrency-guard.test.ts [2m([22m[2m4 tests[22m[2m)[22m[32m 13[2mms[22m[39m
 [31mΓ¥»[39m src/tests/distributed-guard.test.ts [2m([22m[2m4 tests[22m[2m | [22m[31m2 failed[39m[2m)[22m[32m 15[2mms[22m[39m
[31m     [31m├ù[31m should allow a valid, first-time mutation[39m[32m 9[2mms[22m[39m
     [32mΓ£ô[39m should block a duplicate payload within the 60s window (Idempotency)[32m 1[2mms[22m[39m
     [32mΓ£ô[39m should block a request when rate limit is exceeded (Throttling)[32m 0[2mms[22m[39m
[31m     [31m├ù[31m should fail gracefully and allow mutation if Redis is unreachable[39m[32m 1[2mms[22m[39m
 [32mΓ£ô[39m src/lib/testing/audit-integrity.test.ts [2m([22m[2m3 tests[22m[2m)[22m[32m 31[2mms[22m[39m

ΓÄ»ΓÄ»ΓÄ»ΓÄ»ΓÄ»ΓÄ»ΓÄ» Failed Tests 4 ΓÄ»ΓÄ»ΓÄ»ΓÄ»ΓÄ»ΓÄ»ΓÄ»

 FAIL  src/tests/distributed-guard.test.ts > Distributed Mutation Guard > should allow a valid, first-time mutation
AssertionError: expected false to be true // Object.is equality

- Expected
+ Received

- true
+ false

 Γ¥» src/tests/distributed-guard.test.ts:33:28
     31|   it("should allow a valid, first-time mutation", async () => {
     32|     const result = await checkMutationGuard(userId, actionName, payloaΓÇª
     33|     expect(result.allowed).toBe(true);
       |                            ^
     34|     expect(mockRedis.set).toHaveBeenCalled();
     35|   });

ΓÄ»ΓÄ»ΓÄ»ΓÄ»ΓÄ»ΓÄ»ΓÄ»ΓÄ»ΓÄ»ΓÄ»ΓÄ»ΓÄ»ΓÄ»ΓÄ»ΓÄ»ΓÄ»ΓÄ»ΓÄ»ΓÄ»ΓÄ»ΓÄ»ΓÄ»ΓÄ»ΓÄ»[1/4]ΓÄ»

 FAIL  src/tests/distributed-guard.test.ts > Distributed Mutation Guard > should fail gracefully and allow mutation if Redis is unreachable
AssertionError: expected false to be true // Object.is equality

- Expected
+ Received

- true
+ false

 Γ¥» src/tests/distributed-guard.test.ts:64:28
     62|     const result = await checkMutationGuard(userId, actionName, payloaΓÇª
     63|
     64|     expect(result.allowed).toBe(true); // Fail-safe fallback
       |                            ^
     65|   });
     66| });

ΓÄ»ΓÄ»ΓÄ»ΓÄ»ΓÄ»ΓÄ»ΓÄ»ΓÄ»ΓÄ»ΓÄ»ΓÄ»ΓÄ»ΓÄ»ΓÄ»ΓÄ»ΓÄ»ΓÄ»ΓÄ»ΓÄ»ΓÄ»ΓÄ»ΓÄ»ΓÄ»ΓÄ»[2/4]ΓÄ»

 FAIL  src/tests/health-forecast.test.ts > HealthForecastService > drops vitality significantly for drought conditions
AssertionError: expected 56 to be less than 50
 Γ¥» src/tests/health-forecast.test.ts:14:19
     12|     const drought = { moisture: 0.1, temperature: 35, light: 0.9 };
     13|     const score = healthForecastService.calculateVitality(drought);
     14|     expect(score).toBeLessThan(50);
       |                   ^
     15|   });
     16|

ΓÄ»ΓÄ»ΓÄ»ΓÄ»ΓÄ»ΓÄ»ΓÄ»ΓÄ»ΓÄ»ΓÄ»ΓÄ»ΓÄ»ΓÄ»ΓÄ»ΓÄ»ΓÄ»ΓÄ»ΓÄ»ΓÄ»ΓÄ»ΓÄ»ΓÄ»ΓÄ»ΓÄ»[3/4]ΓÄ»

 FAIL  src/tests/health-forecast.test.ts > HealthForecastService > detects anomalies in forecasts
AssertionError: expected false to be true // Object.is equality

- Expected
+ Received

- true
+ false

 Γ¥» src/tests/health-forecast.test.ts:20:36
     18|     const stress = { moisture: 0.05, temperature: 40, light: 1.0 };
     19|     const result = await healthForecastService.forecastVitality(stressΓÇª
     20|     expect(result.anomalyDetected).toBe(true);
       |                                    ^
     21|   });
     22| });

ΓÄ»ΓÄ»ΓÄ»ΓÄ»ΓÄ»ΓÄ»ΓÄ»ΓÄ»ΓÄ»ΓÄ»ΓÄ»ΓÄ»ΓÄ»ΓÄ»ΓÄ»ΓÄ»ΓÄ»ΓÄ»ΓÄ»ΓÄ»ΓÄ»ΓÄ»ΓÄ»ΓÄ»[4/4]ΓÄ»


[2m Test Files [22m [1m[31m2 failed[39m[22m[2m | [22m[1m[32m3 passed[39m[22m[90m (5)[39m
[2m      Tests [22m [1m[31m4 failed[39m[22m[2m | [22m[1m[32m20 passed[39m[22m[90m (24)[39m
[2m   Start at [22m 13:37:22
[2m   Duration [22m 2.82s[2m (transform 302ms, setup 2.47s, import 309ms, tests 81ms, environment 9.58s)[22m

